// Jest Snapshot v1, https://jestjs.io/docs/snapshot-testing

exports[`Home page matches snapshot 1`] = `
<DocumentFragment>
  <div
    class="css-yuara9"
  >
    <header
      class="css-1dg7ufl"
    >
      <div
        class="css-d82rsv"
      >
        <h1
          class="css-1bq8afe"
        >
          <svg
            aria-hidden="true"
            class="chakra-icon css-l7obvg"
            fill="currentColor"
            focusable="false"
            height="1em"
            stroke="currentColor"
            stroke-width="0"
            viewBox="0 0 24 24"
            width="1em"
            xmlns="http://www.w3.org/2000/svg"
          >
            <path
              d="M0 0h24v24H0z"
              fill="none"
            />
            <path
              d="M20 4H4c-1.1 0-1.99.9-1.99 2L2 18c0 1.1.9 2 2 2h16c1.1 0 2-.9 2-2V6c0-1.1-.9-2-2-2zm0 4-8 5-8-5V6l8 5 8-5v2z"
            />
          </svg>
          Mail Viewer
        </h1>
      </div>
    </header>
    <main
      class="css-1f2gkv4"
    >
      <div
        class="chakra-accordion__root css-ljcx72"
        data-orientation="vertical"
        data-part="root"
        data-scope="accordion"
        dir="ltr"
        id="accordion:_r_0_"
      />
      <div
        class="css-9vnmaf"
      >
        <button
          class="chakra-button css-1ctyulj"
          type="button"
        >
          New Field
        </button>
      </div>
    </main>
    <div
      class="css-xsawf1"
    />
    <footer
      class="css-1r0vlsp"
    >
      <div
        class="css-d82rsv"
      >
        <a
          href="https://github.com/RyutaKojima/mail-viewer-app"
          rel="noopener noreferrer"
          target="_blank"
        >
          Made by RyutaKojima
        </a>
      </div>
    </footer>
  </div>
</DocumentFragment>
`;
